  Determining projects to restore...
  All projects are up-to-date for restore.
  PortalTrabajo.Model -> c:\Users\Criis\source\repos\PortalTrabajo\PortalTrabajoAPI\PortalTrabajo.Model\bin\Debug\net10.0\PortalTrabajo.Model.dll
  PortalTrabajo.DTO -> c:\Users\Criis\source\repos\PortalTrabajo\PortalTrabajoAPI\PortalTrabajo.DTO\bin\Debug\net10.0\PortalTrabajo.DTO.dll
c:\Users\Criis\source\repos\PortalTrabajo\PortalTrabajoAPI\PortalTrabajo.DAL\DBContext\PortalTrabajoDbContext.cs(16,26): error CS0246: The type or namespace name 'AuditLog' could not be found (are you missing a using directive or an assembly reference?) [c:\Users\Criis\source\repos\PortalTrabajo\PortalTrabajoAPI\PortalTrabajo.DAL\PortalTrabajo.DAL.csproj]
c:\Users\Criis\source\repos\PortalTrabajo\PortalTrabajoAPI\PortalTrabajo.DAL\Repositories\Contract\IGenericRepository.cs(15,82): warning CS8625: Cannot convert null literal to non-nullable reference type. [c:\Users\Criis\source\repos\PortalTrabajo\PortalTrabajoAPI\PortalTrabajo.DAL\PortalTrabajo.DAL.csproj]
c:\Users\Criis\source\repos\PortalTrabajo\PortalTrabajoAPI\PortalTrabajo.DAL\Repositories\Contract\IGenericRepository.cs(16,82): warning CS8625: Cannot convert null literal to non-nullable reference type. [c:\Users\Criis\source\repos\PortalTrabajo\PortalTrabajoAPI\PortalTrabajo.DAL\PortalTrabajo.DAL.csproj]
c:\Users\Criis\source\repos\PortalTrabajo\PortalTrabajoAPI\PortalTrabajo.DAL\Repositories\Contract\IGenericRepository.cs(24,53): warning CS8625: Cannot convert null literal to non-nullable reference type. [c:\Users\Criis\source\repos\PortalTrabajo\PortalTrabajoAPI\PortalTrabajo.DAL\PortalTrabajo.DAL.csproj]
c:\Users\Criis\source\repos\PortalTrabajo\PortalTrabajoAPI\PortalTrabajo.DAL\Repositories\Contract\IGenericRepository.cs(28,53): warning CS8625: Cannot convert null literal to non-nullable reference type. [c:\Users\Criis\source\repos\PortalTrabajo\PortalTrabajoAPI\PortalTrabajo.DAL\PortalTrabajo.DAL.csproj]
c:\Users\Criis\source\repos\PortalTrabajo\PortalTrabajoAPI\PortalTrabajo.DAL\Repositories\Contract\IGenericRepository.cs(32,74): warning CS8625: Cannot convert null literal to non-nullable reference type. [c:\Users\Criis\source\repos\PortalTrabajo\PortalTrabajoAPI\PortalTrabajo.DAL\PortalTrabajo.DAL.csproj]
c:\Users\Criis\source\repos\PortalTrabajo\PortalTrabajoAPI\PortalTrabajo.DAL\Repositories\Implementation\GenericRepository.cs(45,95): warning CS8625: Cannot convert null literal to non-nullable reference type. [c:\Users\Criis\source\repos\PortalTrabajo\PortalTrabajoAPI\PortalTrabajo.DAL\PortalTrabajo.DAL.csproj]
c:\Users\Criis\source\repos\PortalTrabajo\PortalTrabajoAPI\PortalTrabajo.DAL\Repositories\Implementation\GenericRepository.cs(54,95): warning CS8625: Cannot convert null literal to non-nullable reference type. [c:\Users\Criis\source\repos\PortalTrabajo\PortalTrabajoAPI\PortalTrabajo.DAL\PortalTrabajo.DAL.csproj]
c:\Users\Criis\source\repos\PortalTrabajo\PortalTrabajoAPI\PortalTrabajo.DAL\Repositories\Implementation\GenericRepository.cs(98,157): warning CS8625: Cannot convert null literal to non-nullable reference type. [c:\Users\Criis\source\repos\PortalTrabajo\PortalTrabajoAPI\PortalTrabajo.DAL\PortalTrabajo.DAL.csproj]
c:\Users\Criis\source\repos\PortalTrabajo\PortalTrabajoAPI\PortalTrabajo.DAL\Repositories\Implementation\GenericRepository.cs(109,157): warning CS8625: Cannot convert null literal to non-nullable reference type. [c:\Users\Criis\source\repos\PortalTrabajo\PortalTrabajoAPI\PortalTrabajo.DAL\PortalTrabajo.DAL.csproj]
c:\Users\Criis\source\repos\PortalTrabajo\PortalTrabajoAPI\PortalTrabajo.DAL\Repositories\Implementation\GenericRepository.cs(137,81): warning CS8625: Cannot convert null literal to non-nullable reference type. [c:\Users\Criis\source\repos\PortalTrabajo\PortalTrabajoAPI\PortalTrabajo.DAL\PortalTrabajo.DAL.csproj]
c:\Users\Criis\source\repos\PortalTrabajo\PortalTrabajoAPI\PortalTrabajo.Utility\CvGeneratorService.cs(21,32): warning CS8600: Converting null literal or possible null value to non-nullable type. [c:\Users\Criis\source\repos\PortalTrabajo\PortalTrabajoAPI\PortalTrabajo.Utility\PortalTrabajo.Utility.csproj]
c:\Users\Criis\source\repos\PortalTrabajo\PortalTrabajoAPI\PortalTrabajo.Utility\AutoMapperProfile.cs(66,41): error CS1061: 'Usuario' does not contain a definition for 'Activo' and no accessible extension method 'Activo' accepting a first argument of type 'Usuario' could be found (are you missing a using directive or an assembly reference?) [c:\Users\Criis\source\repos\PortalTrabajo\PortalTrabajoAPI\PortalTrabajo.Utility\PortalTrabajo.Utility.csproj]
c:\Users\Criis\source\repos\PortalTrabajo\PortalTrabajoAPI\PortalTrabajo.Utility\AutoMapperProfile.cs(41,91): warning CS8602: Dereference of a possibly null reference. [c:\Users\Criis\source\repos\PortalTrabajo\PortalTrabajoAPI\PortalTrabajo.Utility\PortalTrabajo.Utility.csproj]

Build FAILED.

c:\Users\Criis\source\repos\PortalTrabajo\PortalTrabajoAPI\PortalTrabajo.DAL\Repositories\Contract\IGenericRepository.cs(15,82): warning CS8625: Cannot convert null literal to non-nullable reference type. [c:\Users\Criis\source\repos\PortalTrabajo\PortalTrabajoAPI\PortalTrabajo.DAL\PortalTrabajo.DAL.csproj]
c:\Users\Criis\source\repos\PortalTrabajo\PortalTrabajoAPI\PortalTrabajo.DAL\Repositories\Contract\IGenericRepository.cs(16,82): warning CS8625: Cannot convert null literal to non-nullable reference type. [c:\Users\Criis\source\repos\PortalTrabajo\PortalTrabajoAPI\PortalTrabajo.DAL\PortalTrabajo.DAL.csproj]
c:\Users\Criis\source\repos\PortalTrabajo\PortalTrabajoAPI\PortalTrabajo.DAL\Repositories\Contract\IGenericRepository.cs(24,53): warning CS8625: Cannot convert null literal to non-nullable reference type. [c:\Users\Criis\source\repos\PortalTrabajo\PortalTrabajoAPI\PortalTrabajo.DAL\PortalTrabajo.DAL.csproj]
c:\Users\Criis\source\repos\PortalTrabajo\PortalTrabajoAPI\PortalTrabajo.DAL\Repositories\Contract\IGenericRepository.cs(28,53): warning CS8625: Cannot convert null literal to non-nullable reference type. [c:\Users\Criis\source\repos\PortalTrabajo\PortalTrabajoAPI\PortalTrabajo.DAL\PortalTrabajo.DAL.csproj]
c:\Users\Criis\source\repos\PortalTrabajo\PortalTrabajoAPI\PortalTrabajo.DAL\Repositories\Contract\IGenericRepository.cs(32,74): warning CS8625: Cannot convert null literal to non-nullable reference type. [c:\Users\Criis\source\repos\PortalTrabajo\PortalTrabajoAPI\PortalTrabajo.DAL\PortalTrabajo.DAL.csproj]
c:\Users\Criis\source\repos\PortalTrabajo\PortalTrabajoAPI\PortalTrabajo.DAL\Repositories\Implementation\GenericRepository.cs(45,95): warning CS8625: Cannot convert null literal to non-nullable reference type. [c:\Users\Criis\source\repos\PortalTrabajo\PortalTrabajoAPI\PortalTrabajo.DAL\PortalTrabajo.DAL.csproj]
c:\Users\Criis\source\repos\PortalTrabajo\PortalTrabajoAPI\PortalTrabajo.DAL\Repositories\Implementation\GenericRepository.cs(54,95): warning CS8625: Cannot convert null literal to non-nullable reference type. [c:\Users\Criis\source\repos\PortalTrabajo\PortalTrabajoAPI\PortalTrabajo.DAL\PortalTrabajo.DAL.csproj]
c:\Users\Criis\source\repos\PortalTrabajo\PortalTrabajoAPI\PortalTrabajo.DAL\Repositories\Implementation\GenericRepository.cs(98,157): warning CS8625: Cannot convert null literal to non-nullable reference type. [c:\Users\Criis\source\repos\PortalTrabajo\PortalTrabajoAPI\PortalTrabajo.DAL\PortalTrabajo.DAL.csproj]
c:\Users\Criis\source\repos\PortalTrabajo\PortalTrabajoAPI\PortalTrabajo.DAL\Repositories\Implementation\GenericRepository.cs(109,157): warning CS8625: Cannot convert null literal to non-nullable reference type. [c:\Users\Criis\source\repos\PortalTrabajo\PortalTrabajoAPI\PortalTrabajo.DAL\PortalTrabajo.DAL.csproj]
c:\Users\Criis\source\repos\PortalTrabajo\PortalTrabajoAPI\PortalTrabajo.DAL\Repositories\Implementation\GenericRepository.cs(137,81): warning CS8625: Cannot convert null literal to non-nullable reference type. [c:\Users\Criis\source\repos\PortalTrabajo\PortalTrabajoAPI\PortalTrabajo.DAL\PortalTrabajo.DAL.csproj]
c:\Users\Criis\source\repos\PortalTrabajo\PortalTrabajoAPI\PortalTrabajo.Utility\CvGeneratorService.cs(21,32): warning CS8600: Converting null literal or possible null value to non-nullable type. [c:\Users\Criis\source\repos\PortalTrabajo\PortalTrabajoAPI\PortalTrabajo.Utility\PortalTrabajo.Utility.csproj]
c:\Users\Criis\source\repos\PortalTrabajo\PortalTrabajoAPI\PortalTrabajo.Utility\AutoMapperProfile.cs(41,91): warning CS8602: Dereference of a possibly null reference. [c:\Users\Criis\source\repos\PortalTrabajo\PortalTrabajoAPI\PortalTrabajo.Utility\PortalTrabajo.Utility.csproj]
c:\Users\Criis\source\repos\PortalTrabajo\PortalTrabajoAPI\PortalTrabajo.DAL\DBContext\PortalTrabajoDbContext.cs(16,26): error CS0246: The type or namespace name 'AuditLog' could not be found (are you missing a using directive or an assembly reference?) [c:\Users\Criis\source\repos\PortalTrabajo\PortalTrabajoAPI\PortalTrabajo.DAL\PortalTrabajo.DAL.csproj]
c:\Users\Criis\source\repos\PortalTrabajo\PortalTrabajoAPI\PortalTrabajo.Utility\AutoMapperProfile.cs(66,41): error CS1061: 'Usuario' does not contain a definition for 'Activo' and no accessible extension method 'Activo' accepting a first argument of type 'Usuario' could be found (are you missing a using directive or an assembly reference?) [c:\Users\Criis\source\repos\PortalTrabajo\PortalTrabajoAPI\PortalTrabajo.Utility\PortalTrabajo.Utility.csproj]
    12 Warning(s)
    2 Error(s)

Time Elapsed 00:00:14.11
